// Jest Snapshot v1, https://goo.gl/fbAQLP

exports[`GameState renders correctly 1`] = `
<div
  className="container"
>
  <div
    className="button-container"
  >
    <div>
      <button
        className="button"
        onClick={[Function]}
      >
        Start
      </button>
    </div>
    <div>
      <button
        className="button"
        onClick={[Function]}
      >
        Stop
      </button>
    </div>
  </div>
  <div>
    Elixirs: 
    0
  </div>
  <div>
    Deduct Elixir:
  </div>
  <div
    className="button-container"
  >
    <div
      key="elixirDeduct-1"
    >
      <ElixirDeductButton
        clickAction={[Function]}
        number={1}
      />
    </div>
    <div
      key="elixirDeduct-2"
    >
      <ElixirDeductButton
        clickAction={[Function]}
        number={2}
      />
    </div>
    <div
      key="elixirDeduct-3"
    >
      <ElixirDeductButton
        clickAction={[Function]}
        number={3}
      />
    </div>
    <div
      key="elixirDeduct-4"
    >
      <ElixirDeductButton
        clickAction={[Function]}
        number={4}
      />
    </div>
    <div
      key="elixirDeduct-5"
    >
      <ElixirDeductButton
        clickAction={[Function]}
        number={5}
      />
    </div>
    <div
      key="elixirDeduct-6"
    >
      <ElixirDeductButton
        clickAction={[Function]}
        number={6}
      />
    </div>
    <div
      key="elixirDeduct-7"
    >
      <ElixirDeductButton
        clickAction={[Function]}
        number={7}
      />
    </div>
    <div
      key="elixirDeduct-8"
    >
      <ElixirDeductButton
        clickAction={[Function]}
        number={8}
      />
    </div>
    <div
      key="elixirDeduct-9"
    >
      <ElixirDeductButton
        clickAction={[Function]}
        number={9}
      />
    </div>
  </div>
  <div>
    Pumps:
  </div>
  <div
    className="button-container"
  />
  <div
    className="button-container"
  >
    <div>
      <button
        className="button"
        onClick={[Function]}
      >
        Add Pump
      </button>
    </div>
  </div>
</div>
`;
